exports[`<LiveStats /> renders snapshot 1`] = `
ShallowWrapper {
  "complexSelector": ComplexSelector {
    "buildPredicate": [Function],
    "childrenOfNode": [Function],
    "findWhereUnwrapped": [Function],
  },
  "length": 1,
  "node": <div
    className={undefined}>
    <div
        className="undefined undefined">
        Preview
    </div>
    <Platforms
        currentBroadcast={null} />
</div>,
  "nodes": Array [
    <div
      className={undefined}>
      <div
            className="undefined undefined">
            Preview
      </div>
      <Platforms
            currentBroadcast={null} />
</div>,
  ],
  "options": Object {},
  "renderer": ReactShallowRenderer {
    "_instance": ShallowComponentWrapper {
      "_calledComponentWillUnmount": false,
      "_compositeType": 2,
      "_context": Object {},
      "_currentElement": <LiveStats
        currentBroadcast={null}
        isLive={false}
        viewers={
                Object {
                        "facebook_page": 400,
                        "facebook_timeline": 100,
                      }
        } />,
      "_debugID": 1,
      "_hostContainerInfo": null,
      "_hostParent": null,
      "_instance": StatelessComponent {
        "_reactInternalInstance": [Circular],
        "context": Object {},
        "props": Object {
          "currentBroadcast": null,
          "isLive": false,
          "viewers": Object {
            "facebook_page": 400,
            "facebook_timeline": 100,
          },
        },
        "refs": Object {},
        "state": null,
        "updater": Object {
          "enqueueCallback": [Function],
          "enqueueCallbackInternal": [Function],
          "enqueueElementInternal": [Function],
          "enqueueForceUpdate": [Function],
          "enqueueReplaceState": [Function],
          "enqueueSetState": [Function],
          "isMounted": [Function],
          "validateCallback": [Function],
        },
      },
      "_mountOrder": 1,
      "_pendingCallbacks": null,
      "_pendingElement": null,
      "_pendingForceUpdate": false,
      "_pendingReplaceState": false,
      "_pendingStateQueue": null,
      "_renderedComponent": NoopInternalComponent {
        "_currentElement": <div
          className={undefined}>
          <div
                    className="undefined undefined">
                    Preview
          </div>
          <Platforms
                    currentBroadcast={null} />
</div>,
        "_debugID": 2,
        "_renderedOutput": <div
          className={undefined}>
          <div
                    className="undefined undefined">
                    Preview
          </div>
          <Platforms
                    currentBroadcast={null} />
</div>,
      },
      "_renderedNodeType": 0,
      "_rootNodeID": 0,
      "_topLevelWrapper": null,
      "_updateBatchNumber": null,
      "_warnedAboutRefsInRender": false,
    },
    "getRenderOutput": [Function],
    "render": [Function],
  },
  "root": [Circular],
  "unrendered": <LiveStats
    currentBroadcast={null}
    isLive={false}
    viewers={
        Object {
            "facebook_page": 400,
            "facebook_timeline": 100,
          }
    } />,
}
`;
