exports[`<Admin /> renders snapshot 1`] = `
ShallowWrapper {
  "complexSelector": ComplexSelector {
    "buildPredicate": [Function],
    "childrenOfNode": [Function],
    "findWhereUnwrapped": [Function],
  },
  "length": 1,
  "node": <div
    className={undefined}>
    <h1>
        Admin Panel
    </h1>
    <div
        className={undefined}>
        <div
            className={undefined}>
            <h2>
                Subscribers
            </h2>
            <div
                className={undefined}
                onClick={[Function]}>
                <i
                    className="material-icons">
                    refresh
                </i>
            </div>
        </div>
        <div
            className={undefined}>
            <div
                className={undefined}>
                <div
                    className={undefined}>
                    Email
                </div>
                <div
                    className={undefined}>
                    Beta
                </div>
                <div
                    className={undefined}>
                    Date Subscribed
                </div>
                <div
                    className={undefined}>
                    Actions
                </div>
            </div>
            <Unknown
                className={undefined}
                deleteSubscriber={undefined}
                grantBeta={undefined}
                item={
                    Object {
                        "beta": false,
                        "email": "a@a.com",
                        "subscriberId": "id-a",
                      }
                } />
            <Unknown
                className={undefined}
                deleteSubscriber={undefined}
                grantBeta={undefined}
                item={
                    Object {
                        "beta": false,
                        "email": "b@b.com",
                        "subscriberId": "id-b",
                      }
                } />
            <Unknown
                className={undefined}
                deleteSubscriber={undefined}
                grantBeta={undefined}
                item={
                    Object {
                        "beta": false,
                        "email": "c@c.com",
                        "subscriberId": "id-c",
                      }
                } />
        </div>
    </div>
</div>,
  "nodes": Array [
    <div
      className={undefined}>
      <h1>
            Admin Panel
      </h1>
      <div
            className={undefined}>
            <div
                  className={undefined}>
                  <h2>
                        Subscribers
                  </h2>
                  <div
                        className={undefined}
                        onClick={[Function]}>
                        <i
                              className="material-icons">
                              refresh
                        </i>
                  </div>
            </div>
            <div
                  className={undefined}>
                  <div
                        className={undefined}>
                        <div
                              className={undefined}>
                              Email
                        </div>
                        <div
                              className={undefined}>
                              Beta
                        </div>
                        <div
                              className={undefined}>
                              Date Subscribed
                        </div>
                        <div
                              className={undefined}>
                              Actions
                        </div>
                  </div>
                  <Unknown
                        className={undefined}
                        deleteSubscriber={undefined}
                        grantBeta={undefined}
                        item={
                              Object {
                                    "beta": false,
                                    "email": "a@a.com",
                                    "subscriberId": "id-a",
                                  }
                        } />
                  <Unknown
                        className={undefined}
                        deleteSubscriber={undefined}
                        grantBeta={undefined}
                        item={
                              Object {
                                    "beta": false,
                                    "email": "b@b.com",
                                    "subscriberId": "id-b",
                                  }
                        } />
                  <Unknown
                        className={undefined}
                        deleteSubscriber={undefined}
                        grantBeta={undefined}
                        item={
                              Object {
                                    "beta": false,
                                    "email": "c@c.com",
                                    "subscriberId": "id-c",
                                  }
                        } />
            </div>
      </div>
</div>,
  ],
  "options": Object {},
  "renderer": ReactShallowRenderer {
    "_instance": ShallowComponentWrapper {
      "_calledComponentWillUnmount": false,
      "_compositeType": 0,
      "_context": Object {},
      "_currentElement": <Admin
        history={
                Object {
                        "push": [Function],
                      }
        }
        subscribers={
                Array [
                        Object {
                          "beta": false,
                          "email": "a@a.com",
                          "subscriberId": "id-a",
                        },
                        Object {
                          "beta": false,
                          "email": "b@b.com",
                          "subscriberId": "id-b",
                        },
                        Object {
                          "beta": false,
                          "email": "c@c.com",
                          "subscriberId": "id-c",
                        },
                      ]
        }
        user={
                Object {
                        "admin": false,
                      }
        } />,
      "_debugID": 1,
      "_hostContainerInfo": null,
      "_hostParent": null,
      "_instance": Admin {
        "_reactInternalInstance": [Circular],
        "componentDidMount": [Function],
        "componentWillMount": [Function],
        "context": Object {},
        "handleRefreshClick": [Function],
        "props": Object {
          "history": Object {
            "push": [Function],
          },
          "subscribers": Array [
            Object {
              "beta": false,
              "email": "a@a.com",
              "subscriberId": "id-a",
            },
            Object {
              "beta": false,
              "email": "b@b.com",
              "subscriberId": "id-b",
            },
            Object {
              "beta": false,
              "email": "c@c.com",
              "subscriberId": "id-c",
            },
          ],
          "user": Object {
            "admin": false,
          },
        },
        "refs": Object {},
        "state": null,
        "updater": Object {
          "enqueueCallback": [Function],
          "enqueueCallbackInternal": [Function],
          "enqueueElementInternal": [Function],
          "enqueueForceUpdate": [Function],
          "enqueueReplaceState": [Function],
          "enqueueSetState": [Function],
          "isMounted": [Function],
          "validateCallback": [Function],
        },
      },
      "_mountOrder": 1,
      "_pendingCallbacks": null,
      "_pendingElement": null,
      "_pendingForceUpdate": false,
      "_pendingReplaceState": false,
      "_pendingStateQueue": null,
      "_renderedComponent": NoopInternalComponent {
        "_currentElement": <div
          className={undefined}>
          <h1>
                    Admin Panel
          </h1>
          <div
                    className={undefined}>
                    <div
                              className={undefined}>
                              <h2>
                                        Subscribers
                              </h2>
                              <div
                                        className={undefined}
                                        onClick={[Function]}>
                                        <i
                                                  className="material-icons">
                                                  refresh
                                        </i>
                              </div>
                    </div>
                    <div
                              className={undefined}>
                              <div
                                        className={undefined}>
                                        <div
                                                  className={undefined}>
                                                  Email
                                        </div>
                                        <div
                                                  className={undefined}>
                                                  Beta
                                        </div>
                                        <div
                                                  className={undefined}>
                                                  Date Subscribed
                                        </div>
                                        <div
                                                  className={undefined}>
                                                  Actions
                                        </div>
                              </div>
                              <Unknown
                                        className={undefined}
                                        deleteSubscriber={undefined}
                                        grantBeta={undefined}
                                        item={
                                                  Object {
                                                            "beta": false,
                                                            "email": "a@a.com",
                                                            "subscriberId": "id-a",
                                                          }
                                        } />
                              <Unknown
                                        className={undefined}
                                        deleteSubscriber={undefined}
                                        grantBeta={undefined}
                                        item={
                                                  Object {
                                                            "beta": false,
                                                            "email": "b@b.com",
                                                            "subscriberId": "id-b",
                                                          }
                                        } />
                              <Unknown
                                        className={undefined}
                                        deleteSubscriber={undefined}
                                        grantBeta={undefined}
                                        item={
                                                  Object {
                                                            "beta": false,
                                                            "email": "c@c.com",
                                                            "subscriberId": "id-c",
                                                          }
                                        } />
                    </div>
          </div>
</div>,
        "_debugID": 2,
        "_renderedOutput": <div
          className={undefined}>
          <h1>
                    Admin Panel
          </h1>
          <div
                    className={undefined}>
                    <div
                              className={undefined}>
                              <h2>
                                        Subscribers
                              </h2>
                              <div
                                        className={undefined}
                                        onClick={[Function]}>
                                        <i
                                                  className="material-icons">
                                                  refresh
                                        </i>
                              </div>
                    </div>
                    <div
                              className={undefined}>
                              <div
                                        className={undefined}>
                                        <div
                                                  className={undefined}>
                                                  Email
                                        </div>
                                        <div
                                                  className={undefined}>
                                                  Beta
                                        </div>
                                        <div
                                                  className={undefined}>
                                                  Date Subscribed
                                        </div>
                                        <div
                                                  className={undefined}>
                                                  Actions
                                        </div>
                              </div>
                              <Unknown
                                        className={undefined}
                                        deleteSubscriber={undefined}
                                        grantBeta={undefined}
                                        item={
                                                  Object {
                                                            "beta": false,
                                                            "email": "a@a.com",
                                                            "subscriberId": "id-a",
                                                          }
                                        } />
                              <Unknown
                                        className={undefined}
                                        deleteSubscriber={undefined}
                                        grantBeta={undefined}
                                        item={
                                                  Object {
                                                            "beta": false,
                                                            "email": "b@b.com",
                                                            "subscriberId": "id-b",
                                                          }
                                        } />
                              <Unknown
                                        className={undefined}
                                        deleteSubscriber={undefined}
                                        grantBeta={undefined}
                                        item={
                                                  Object {
                                                            "beta": false,
                                                            "email": "c@c.com",
                                                            "subscriberId": "id-c",
                                                          }
                                        } />
                    </div>
          </div>
</div>,
      },
      "_renderedNodeType": 0,
      "_rootNodeID": 0,
      "_topLevelWrapper": null,
      "_updateBatchNumber": null,
      "_warnedAboutRefsInRender": false,
    },
    "getRenderOutput": [Function],
    "render": [Function],
  },
  "root": [Circular],
  "unrendered": <Admin
    history={
        Object {
            "push": [Function],
          }
    }
    subscribers={
        Array [
            Object {
              "beta": false,
              "email": "a@a.com",
              "subscriberId": "id-a",
            },
            Object {
              "beta": false,
              "email": "b@b.com",
              "subscriberId": "id-b",
            },
            Object {
              "beta": false,
              "email": "c@c.com",
              "subscriberId": "id-c",
            },
          ]
    }
    user={
        Object {
            "admin": false,
          }
    } />,
}
`;
